 [36mзд[1mэ э[0;36mд© [1mэ   [0;36mб  [1mэ [0;36mб зд[1mэ э[0;36mд© [1mэ[0;36mд©                                                  Ё ш шд  ш б Ё  ш Ё юдэ шд  шды  [35mR[1me[0;35mTR[1mo[0;35mGR[1ma[0;35mD[1me [0;35mBBS                                  [36mа [1;30mъ ъ[0;36mды [1;30mъ[0;36mдады  [1;30mъ[0;36mды ъд[1;30mъ ъ[0;36mды [1;30mъ [0;36mю                                                  [1;37m-[0m------------[1;30m-------------------------------------[0m--------------[1m------          [36mNew here, huh? [0;36mFill this out and you'll be granted immediate access...          [37mYour password is encrypted and can't be seen by anyone, including the           SysOp, [1;30mJ0hnny A1pha[0m. Welcome!                                                  