                                                                                 This is welcome.ans                                                             Change it to something to orient new users.                                                                                                                                                                                                    